[2025-07-30 14:42:40] [INFO] init logger successfully  
[2025-07-30 14:42:40] [INFO] Migration run successfully  
[2025-07-30 14:42:40] [INFO] init session successfully  
[2025-07-30 14:42:45] [DEBUG] tar zxvfC /Users/gsx/www/gofile/src/common/1Panel/data/1panel/tmp/script/scripts.tar.gz /Users/gsx/www/gofile/src/common/1Panel/data/1panel/tmp/script  
[2025-07-30 14:42:45] [INFO] listen at http://0.0.0.0:9999 [tcp4]  
[2025-07-30 15:30:41] [INFO] init logger successfully  
[2025-07-30 15:30:41] [INFO] Migration run successfully  
[2025-07-30 15:30:41] [INFO] init session successfully  
[2025-07-30 15:30:43] [INFO] listen at http://0.0.0.0:9999 [tcp4]  
[2025-07-30 15:31:00] [INFO] init logger successfully  
[2025-07-30 15:31:01] [INFO] Migration run successfully  
[2025-07-30 15:31:01] [ERROR] failed to synchronize system time with [pool.ntp.org], err: the current system architecture darwin does not support synchronization  
[2025-07-30 15:31:01] [DEBUG] synchronize system time with [pool.ntp.org] successful!  
[2025-07-30 15:31:05] [INFO] [AppStore] download file from https://apps-assets.fit2cloud.com/dev/1panel.json.zip  
2025/07/30 15:31:06 [INFO] acme: Registering account for acme@1paneldev.com
[2025-07-30 15:35:30] [INFO] init logger successfully  
[2025-07-30 15:35:30] [INFO] Migration run successfully  
[2025-07-30 15:35:30] [INFO] init session successfully  
[2025-07-30 15:35:31] [INFO] listen at http://0.0.0.0:9999 [tcp4]  
[2025-07-30 15:39:20] [INFO] init logger successfully  
[2025-07-30 15:39:20] [INFO] Migration run successfully  
[2025-07-30 15:39:20] [INFO] init session successfully  
[2025-07-30 15:39:23] [INFO] listen at http://0.0.0.0:9999 [tcp4]  
[2025-07-30 15:39:54] [INFO] init logger successfully  
[2025-07-30 15:39:54] [INFO] Migration run successfully  
[2025-07-30 15:39:54] [ERROR] failed to synchronize system time with [pool.ntp.org], err: the current system architecture darwin does not support synchronization  
[2025-07-30 15:39:54] [DEBUG] synchronize system time with [pool.ntp.org] successful!  
[2025-07-30 15:39:58] [INFO] [AppStore] download file from https://apps-assets.fit2cloud.com/dev/1panel.json.zip  
